// Jest Snapshot v1, https://goo.gl/fbAQLP

exports[`App component renders App 1`] = `
<DocumentFragment>
  <img
    alt="loading spinner"
    src="https://external-content.duckduckgo.com/iu/?u=https%3A%2F%2Fgifimage.net%2Fwp-content%2Fuploads%2F2018%2F05%2Fspinning-record-gif.gif&f=1&nofb=1"
  />
</DocumentFragment>
`;
